<?php

namespace Tests;

use Tester\Assert;

require __DIR__ . '/bootstrap.php';

/**
 * @testCase
 */
class ScaffoldPresenterTest extends \Tester\TestCase
{
	use \Testbench\TPresenter;


	public function testRenderDefault()
	{
		//FIXME: parameters may not be correct
		$this->checkAction('Scaffold:default', [
			'variable' => NULL,
			'optional' => 'optionalValue',
			'nullable' => NULL,
			'const' => 'xyz',
		]);

		$this->checkAction('Scaffold:default', ['variable' => NULL]);
	}

}

(new ScaffoldPresenterTest)->run();
